------------------------------INSTALLATION INSTRUCTIONS--------------------------------

[Install python3]

If python3 is not installed:

$ sudo apt-get install python3


[pip install requests]

If pip3 is not installed:

$ sudo apt-get install python3-setuptools
$ sudo easy_install3 pip
$ sudo mv /usr/local/bin/pip /usr/local/bin/pip-3


[Install Selenium]

$ sudo pip3 install -U selenium


[Install chromedriver]

Make sure you already have Google Chrome installed.
Then download and extract the contents of - http://chromedriver.storage.googleapis.com/index.html?path=2.25/
You will get a file named 'chromedriver'
Navigate to the directory where 'chromedriver' is located and execute the following command
to move chromedriver into /user/local/bin

$ sudo mv -t /usr/local/bin/ chromedriver


[Notes] 

Use program at your own risk!

Stable release of Google Chrome is required.




-------------------------------EXCECUTION INSTRUCTIONS--------------------------------

1) Add your 'username', 'password', and 'profile_name' into userconfig.ini
2) Run the python file - ./get_netflix_activity.py
3) Viewing activity will be downloaded into a file named 'netflix_activity.txt'
4) If an error occurs, please email program output to 'm13basra@gmail.com'